[shaftcoin/index.html]
[backblue.gif]
[fade.gif]
[index.html]
[pbs.twimg.com/profile_images/1885981955658801152/OKOJGZMN_400x400.jpg]
[dd.dexscreener.com/ds-data/tokens/solana/shaftCAa506.png]
[shaftcoin/dominance.html]
[shaftcoin/memes.html]
[shaftcoin/laser.html]
[shaftcoin/calculator.html]
[memedepot.com/cdn-cgi/imagedelivery/naCPMwxXX46-hrE49eZovw/8ab153bb-b3bc-453b-fb07-42e669f0ad00/width=1080,quality=100.jpg]
[pbs.twimg.com/media/GjNZOvGWQAAIb0a16e2.jpg]
[ShaftCoin.degenfi.ai/_next/static/media/tradingLight.b666bea1.png]
[pbs.twimg.com/profile_images/1675202638026252291/4StTDIF4_400x400.jpg]
[pbs.twimg.com/profile_images/1472933274209107976/6u-LQfjG_400x400.jpg]
[memedepot.com/cdn-cgi/imagedelivery/naCPMwxXX46-hrE49eZovw/77ddb80c-999b-4da5-9e54-445374f86900/width=1080,quality=100.jpg]
[memedepot.com/cdn-cgi/imagedelivery/naCPMwxXX46-hrE49eZovw/a5f109d6-a1b8-4969-37e6-f1a2791e7700/width=1080,quality=100.jpg]
[memedepot.com/cdn-cgi/imagedelivery/naCPMwxXX46-hrE49eZovw/a8e3e2d7-e633-439a-b82a-af2d7ef3cb00/width=1080,quality=100.jpg]
[memedepot.com/cdn-cgi/imagedelivery/naCPMwxXX46-hrE49eZovw/48bf32bd-6cfe-4ebd-9a0b-b2da194b1b00/public.jpg]
[pbs.twimg.com/profile_images/1183117696730390529/LRDASku7_400x400.jpg]
[pbs.twimg.com/profile_images/1683899100922511378/5lY42eHs_400x400.jpg]
[pbs.twimg.com/profile_images/1881836380302557184/WAeW-Tft_400x400.png]
[pbs.twimg.com/profile_images/1729909787029078016/dBjB3Fnr_400x400.jpg]
[pbs.twimg.com/profile_images/1879333037005053953/e1dnDyxK_400x400.jpg]
[assets.coingecko.com/markets/images/409/large/MEXC_logo_squarec6f2.jpg]
[assets.coingecko.com/markets/images/60/large/gate_io_logo17f4d.jpg]
[assets.coingecko.com/markets/images/11715/large/KCEX_logo16bb.png]
[assets.coingecko.com/markets/images/540/large/2023-07-25_21.47.43f2e9.jpg]
[neverless.com/_next/static/media/colorLogoSmall.085a8012.svg]
[www.dlnews.com/resizer/v2/RIRRJY5ESJE2HGD3VBUIOXSAXI2af4.jpg]
[images.seeklogo.com/logo-png/49/3/dl-news-logo-png_seeklogo-498196.1d74de.delayed]
[shaftcoin/index.html]
[fonts.googleapis.com/css21189.css]
[cdnjs.cloudflare.com/ajax/libs/html2canvas/1.4.1/html2canvas.min.js]
[cryptologos.cc/logos/solana-sol-logo.21e616.delayed]
[shaftcoin/dominance.html]
[i.ibb.co/PGy3BQwy/laser-3.png]
[shaftcoin/memes.html]
[shaftcoin/laser.html]
[assets.coingecko.com/coins/images/1/large/bitcoin.png]
[shaftcoin/calculator.html]
[pbs.twimg.com/media/GjNZOvGWQAAIb0a16e2.jpg]
[ShaftCoin.degenfi.ai/_next/static/media/tradingLight.b666bea1.png]
[web.archive.org/web/20131208233931im_/http_/bitcoin.org/img/but_bitcoin.svg]
[www.dlnews.com/resizer/v2/RIRRJY5ESJE2HGD3VBUIOXSAXI2af4.jpg]
[assets.coingecko.com/coins/images/1/large/bitcoin.png]
[neverless.com/_next/static/media/colorLogoSmall.085a8012.svg]
[images.seeklogo.com/logo-png/49/3/dl-news-logo-png_seeklogo-49819674de.html]
[cryptologos.cc/logos/solana-sol-logoe616.html]
[shaftcoin/ShaftCoinDominance.html]
[shaftcoin/meme.html]
[shaftcoin/ShaftCoin-laser-eye.html]
[shaftcoin/ShaftCoinMarketCapComparison.html]
